\BOOKMARK [1][-]{section.1}{\376\377\000W\000p\000r\000o\000w\000a\000d\000z\000e\000n\000i\000e}{}% 1
\BOOKMARK [2][-]{subsection.1.1}{\376\377\000C\000e\000l\000\040\000d\000o\000k\000u\000m\000e\000n\000t\000u}{section.1}% 2
\BOOKMARK [2][-]{subsection.1.2}{\376\377\000T\000e\000c\000h\000n\000o\000l\000o\000g\000i\000e}{section.1}% 3
\BOOKMARK [1][-]{section.2}{\376\377\000A\000r\000c\000h\000i\000t\000e\000k\000t\000u\000r\000a\000\040\000S\000y\000s\000t\000e\000m\000u}{}% 4
\BOOKMARK [2][-]{subsection.2.1}{\376\377\000P\000r\000z\000e\000g\000l\001\005\000d\000\040\000a\000r\000c\000h\000i\000t\000e\000k\000t\000u\000r\000y}{section.2}% 5
\BOOKMARK [2][-]{subsection.2.2}{\376\377\000S\000c\000h\000e\000m\000a\000t\000\040\000s\000t\000r\000u\000k\000t\000u\000r\000y\000\040\000s\000y\000s\000t\000e\000m\000u}{section.2}% 6
\BOOKMARK [2][-]{subsection.2.3}{\376\377\000D\000i\000a\000g\000r\000a\000m\000\040\000k\000l\000a\000s\000\040\000-\000\040\000C\000o\000r\000e\000\040\000L\000a\000y\000e\000r}{section.2}% 7
\BOOKMARK [1][-]{section.3}{\376\377\000W\000z\000o\000r\000c\000e\000\040\000P\000r\000o\000j\000e\000k\000t\000o\000w\000e}{}% 8
\BOOKMARK [2][-]{subsection.3.1}{\376\377\000C\000l\000e\000a\000n\000\040\000A\000r\000c\000h\000i\000t\000e\000c\000t\000u\000r\000e\000\040\000\050\000H\000e\000x\000a\000g\000o\000n\000a\000l\000\040\000A\000r\000c\000h\000i\000t\000e\000c\000t\000u\000r\000e\000\051}{section.3}% 9
\BOOKMARK [2][-]{subsection.3.2}{\376\377\000R\000e\000p\000o\000s\000i\000t\000o\000r\000y\000\040\000P\000a\000t\000t\000e\000r\000n}{section.3}% 10
\BOOKMARK [2][-]{subsection.3.3}{\376\377\000A\000d\000a\000p\000t\000e\000r\000\040\000P\000a\000t\000t\000e\000r\000n}{section.3}% 11
\BOOKMARK [2][-]{subsection.3.4}{\376\377\000S\000t\000r\000a\000t\000e\000g\000y\000\040\000P\000a\000t\000t\000e\000r\000n}{section.3}% 12
\BOOKMARK [2][-]{subsection.3.5}{\376\377\000U\000s\000e\000\040\000C\000a\000s\000e\000\040\000P\000a\000t\000t\000e\000r\000n}{section.3}% 13
\BOOKMARK [2][-]{subsection.3.6}{\376\377\000D\000e\000p\000e\000n\000d\000e\000n\000c\000y\000\040\000I\000n\000j\000e\000c\000t\000i\000o\000n}{section.3}% 14
\BOOKMARK [2][-]{subsection.3.7}{\376\377\000F\000a\000c\000t\000o\000r\000y\000\040\000P\000a\000t\000t\000e\000r\000n\000\040\000\050\000I\000m\000p\000l\000i\000c\000i\000t\000\051}{section.3}% 15
\BOOKMARK [1][-]{section.4}{\376\377\000Z\000a\000s\000a\000d\000y\000\040\000P\000r\000o\000g\000r\000a\000m\000o\000w\000a\000n\000i\000a\000\040\000O\000b\000i\000e\000k\000t\000o\000w\000e\000g\000o}{}% 16
\BOOKMARK [2][-]{subsection.4.1}{\376\377\000S\000O\000L\000I\000D\000\040\000P\000r\000i\000n\000c\000i\000p\000l\000e\000s}{section.4}% 17
\BOOKMARK [3][-]{subsubsection.4.1.1}{\376\377\000S\000i\000n\000g\000l\000e\000\040\000R\000e\000s\000p\000o\000n\000s\000i\000b\000i\000l\000i\000t\000y\000\040\000P\000r\000i\000n\000c\000i\000p\000l\000e\000\040\000\050\000S\000R\000P\000\051}{subsection.4.1}% 18
\BOOKMARK [3][-]{subsubsection.4.1.2}{\376\377\000O\000p\000e\000n\000/\000C\000l\000o\000s\000e\000d\000\040\000P\000r\000i\000n\000c\000i\000p\000l\000e\000\040\000\050\000O\000C\000P\000\051}{subsection.4.1}% 19
\BOOKMARK [3][-]{subsubsection.4.1.3}{\376\377\000L\000i\000s\000k\000o\000v\000\040\000S\000u\000b\000s\000t\000i\000t\000u\000t\000i\000o\000n\000\040\000P\000r\000i\000n\000c\000i\000p\000l\000e\000\040\000\050\000L\000S\000P\000\051}{subsection.4.1}% 20
\BOOKMARK [3][-]{subsubsection.4.1.4}{\376\377\000I\000n\000t\000e\000r\000f\000a\000c\000e\000\040\000S\000e\000g\000r\000e\000g\000a\000t\000i\000o\000n\000\040\000P\000r\000i\000n\000c\000i\000p\000l\000e\000\040\000\050\000I\000S\000P\000\051}{subsection.4.1}% 21
\BOOKMARK [3][-]{subsubsection.4.1.5}{\376\377\000D\000e\000p\000e\000n\000d\000e\000n\000c\000y\000\040\000I\000n\000v\000e\000r\000s\000i\000o\000n\000\040\000P\000r\000i\000n\000c\000i\000p\000l\000e\000\040\000\050\000D\000I\000P\000\051}{subsection.4.1}% 22
\BOOKMARK [2][-]{subsection.4.2}{\376\377\000E\000n\000k\000a\000p\000s\000u\000l\000a\000c\000j\000a}{section.4}% 23
\BOOKMARK [2][-]{subsection.4.3}{\376\377\000P\000o\000l\000i\000m\000o\000r\000f\000i\000z\000m}{section.4}% 24
\BOOKMARK [2][-]{subsection.4.4}{\376\377\000A\000b\000s\000t\000r\000a\000k\000c\000j\000a}{section.4}% 25
\BOOKMARK [1][-]{section.5}{\376\377\000S\000t\000r\000u\000k\000t\000u\000r\000y\000\040\000D\000a\000n\000y\000c\000h}{}% 26
\BOOKMARK [2][-]{subsection.5.1}{\376\377\000E\000n\000c\000j\000e\000\040\000D\000o\000m\000e\000n\000o\000w\000e\000\040\000\050\000D\000a\000t\000a\000c\000l\000a\000s\000s\000e\000s\000\051}{section.5}% 27
\BOOKMARK [2][-]{subsection.5.2}{\376\377\000E\000n\000u\000m\000y\000\040\000\050\000T\000y\000p\000y\000\040\000w\000y\000l\000i\000c\000z\000e\000n\000i\000o\000w\000e\000\051}{section.5}% 28
\BOOKMARK [2][-]{subsection.5.3}{\376\377\000S\001\102\000o\000w\000n\000i\000k\000i\000\040\000\050\000D\000i\000c\000t\000\051\000\040\000j\000a\000k\000o\000\040\000P\000a\000r\000a\000m\000e\000t\000r\000y}{section.5}% 29
\BOOKMARK [2][-]{subsection.5.4}{\376\377\000L\000i\000s\000t\000y\000\040\000t\000y\000p\000o\000w\000a\000n\000e}{section.5}% 30
\BOOKMARK [2][-]{subsection.5.5}{\376\377\000T\000u\000p\000l\000e\000\040\000d\000l\000a\000\040\000z\000w\000r\000a\000c\000a\000n\000i\000a\000\040\000w\000i\000e\000l\000u\000\040\000w\000a\000r\000t\000o\001\133\000c\000i}{section.5}% 31
\BOOKMARK [2][-]{subsection.5.6}{\376\377\000O\000p\000t\000i\000o\000n\000a\000l\000\040\000d\000l\000a\000\040\000w\000a\000r\000t\000o\001\133\000c\000i\000\040\000n\000u\000l\000l\000a\000b\000l\000e}{section.5}% 32
\BOOKMARK [2][-]{subsection.5.7}{\376\377\000S\000t\000r\000u\000k\000t\000u\000r\000y\000\040\000d\000a\000n\000y\000c\000h\000\040\000w\000\040\000b\000a\000z\000i\000e}{section.5}% 33
\BOOKMARK [3][-]{subsubsection.5.7.1}{\376\377\000M\000o\000d\000e\000l\000\040\000R\000N\000G\000\040\000\050\000T\000a\000b\000e\000l\000a\000\040\000r\000n\000g\000s\000\051}{subsection.5.7}% 34
\BOOKMARK [3][-]{subsubsection.5.7.2}{\376\377\000M\000o\000d\000e\000l\000\040\000T\000e\000s\000t\000R\000e\000s\000u\000l\000t\000\040\000\050\000T\000a\000b\000e\000l\000a\000\040\000t\000e\000s\000t\000\137\000r\000e\000s\000u\000l\000t\000s\000\051}{subsection.5.7}% 35
\BOOKMARK [1][-]{section.6}{\376\377\000D\000i\000a\000g\000r\000a\000m\000\040\000P\000r\000z\000e\000p\001\102\000y\000w\000u\000\040\000D\000a\000n\000y\000c\000h}{}% 36
\BOOKMARK [2][-]{subsection.6.1}{\376\377\000P\000r\000o\000c\000e\000s\000\040\000u\000r\000u\000c\000h\000o\000m\000i\000e\000n\000i\000a\000\040\000t\000e\000s\000t\000u\000\040\000R\000N\000G}{section.6}% 37
\BOOKMARK [2][-]{subsection.6.2}{\376\377\000P\000r\000o\000c\000e\000s\000\040\000g\000e\000n\000e\000r\000o\000w\000a\000n\000i\000a\000\040\000l\000i\000c\000z\000b\000\040\000-\000\040\000P\000y\000t\000h\000o\000n\000\040\000R\000u\000n\000n\000e\000r}{section.6}% 38
\BOOKMARK [1][-]{section.7}{\376\377\000S\000z\000c\000z\000e\000g\000\363\001\102\000y\000\040\000I\000m\000p\000l\000e\000m\000e\000n\000t\000a\000c\000j\000i}{}% 39
\BOOKMARK [2][-]{subsection.7.1}{\376\377\000K\000o\000m\000p\000r\000e\000s\000j\000a\000\040\000d\000a\000n\000y\000c\000h\000\040\000-\000\040\000B\000a\000s\000e\0006\0004}{section.7}% 40
\BOOKMARK [2][-]{subsection.7.2}{\376\377\000T\000e\000s\000t\000y\000\040\000S\000t\000a\000t\000y\000s\000t\000y\000c\000z\000n\000e}{section.7}% 41
\BOOKMARK [2][-]{subsection.7.3}{\376\377\000O\000b\000s\001\102\000u\000g\000a\000\040\000r\000\363\001\174\000n\000y\000c\000h\000\040\000j\001\031\000z\000y\000k\000\363\000w\000\040\000p\000r\000o\000g\000r\000a\000m\000o\000w\000a\000n\000i\000a}{section.7}% 42
\BOOKMARK [3][-]{subsubsection.7.3.1}{\376\377\000P\000y\000t\000h\000o\000n\000\040\000R\000u\000n\000n\000e\000r}{subsection.7.3}% 43
\BOOKMARK [3][-]{subsubsection.7.3.2}{\376\377\000E\000x\000e\000c\000u\000t\000a\000b\000l\000e\000\040\000R\000u\000n\000n\000e\000r}{subsection.7.3}% 44
\BOOKMARK [1][-]{section.8}{\376\377\000A\000r\000c\000h\000i\000t\000e\000k\000t\000u\000r\000a\000\040\000F\000r\000o\000n\000t\000e\000n\000d\000o\000w\000a}{}% 45
\BOOKMARK [2][-]{subsection.8.1}{\376\377\000S\000t\000r\000u\000k\000t\000u\000r\000a\000\040\000k\000o\000m\000p\000o\000n\000e\000n\000t\000\363\000w\000\040\000R\000e\000a\000c\000t}{section.8}% 46
\BOOKMARK [2][-]{subsection.8.2}{\376\377\000W\000z\000o\000r\000c\000e\000\040\000f\000r\000o\000n\000t\000e\000n\000d\000o\000w\000e}{section.8}% 47
\BOOKMARK [3][-]{subsubsection.8.2.1}{\376\377\000C\000o\000n\000t\000e\000x\000t\000\040\000A\000P\000I\000\040\000d\000l\000a\000\040\000g\000l\000o\000b\000a\000l\000n\000e\000g\000o\000\040\000s\000t\000a\000n\000u}{subsection.8.2}% 48
\BOOKMARK [3][-]{subsubsection.8.2.2}{\376\377\000C\000u\000s\000t\000o\000m\000\040\000H\000o\000o\000k\000s}{subsection.8.2}% 49
\BOOKMARK [1][-]{section.9}{\376\377\000K\000o\000m\000u\000n\000i\000k\000a\000c\000j\000a\000\040\000B\000a\000c\000k\000e\000n\000d\000-\000F\000r\000o\000n\000t\000e\000n\000d}{}% 50
\BOOKMARK [2][-]{subsection.9.1}{\376\377\000R\000E\000S\000T\000\040\000A\000P\000I\000\040\000E\000n\000d\000p\000o\000i\000n\000t\000s}{section.9}% 51
\BOOKMARK [2][-]{subsection.9.2}{\376\377\000P\000r\000z\000y\000k\001\102\000a\000d\000o\000w\000e\000\040\000z\000a\000p\000y\000t\000a\000n\000i\000e\000\040\000i\000\040\000o\000d\000p\000o\000w\000i\000e\000d\001\172}{section.9}% 52
\BOOKMARK [1][-]{section.10}{\376\377\000P\000o\000d\000s\000u\000m\000o\000w\000a\000n\000i\000e}{}% 53
\BOOKMARK [2][-]{subsection.10.1}{\376\377\000Z\000a\000s\000t\000o\000s\000o\000w\000a\000n\000e\000\040\000w\000z\000o\000r\000c\000e\000\040\000a\000r\000c\000h\000i\000t\000e\000k\000t\000o\000n\000i\000c\000z\000n\000e}{section.10}% 54
\BOOKMARK [2][-]{subsection.10.2}{\376\377\000Z\000a\000s\000a\000d\000y\000\040\000O\000O\000P}{section.10}% 55
\BOOKMARK [2][-]{subsection.10.3}{\376\377\000S\000t\000r\000u\000k\000t\000u\000r\000y\000\040\000d\000a\000n\000y\000c\000h}{section.10}% 56
\BOOKMARK [2][-]{subsection.10.4}{\376\377\000Z\000a\000l\000e\000t\000y\000\040\000a\000r\000c\000h\000i\000t\000e\000k\000t\000u\000r\000y}{section.10}% 57
